Component: ARM Compiler 5.06 update 7 (build 960) Tool: armlink [4d3601]

==============================================================================

Section Cross References

    driver_gpio.o(i.MyGPIO_Toggle) refers to driver_gpio.o(i.MyGPIO_Read) for MyGPIO_Read
    driver_gpio.o(i.MyGPIO_Toggle) refers to driver_gpio.o(i.MyGPIO_Set) for MyGPIO_Set
    driver_gpio.o(i.MyGPIO_Toggle) refers to driver_gpio.o(i.MyGPIO_Reset) for MyGPIO_Reset
    driver_timer.o(i.MyTimer_ActiveIT) refers to driver_timer.o(.data) for PFNc
    driver_timer.o(i.MyTimer_PWM) refers to driver_gpio.o(i.MyGPIO_Init) for MyGPIO_Init
    driver_timer.o(i.MyTimer_SetDutyCicle) refers to f2d.o(.text) for __aeabi_f2d
    driver_timer.o(i.MyTimer_SetDutyCicle) refers to ddiv.o(.text) for __aeabi_ddiv
    driver_timer.o(i.MyTimer_SetDutyCicle) refers to dfltui.o(.text) for __aeabi_ui2d
    driver_timer.o(i.MyTimer_SetDutyCicle) refers to dmul.o(.text) for __aeabi_dmul
    driver_timer.o(i.MyTimer_SetDutyCicle) refers to dfixi.o(.text) for __aeabi_d2iz
    driver_timer.o(i.TIM1_UP_IRQHandler) refers to driver_timer.o(.data) for PFNc
    driver_timer.o(i.TIM2_IRQHandler) refers to driver_timer.o(.data) for PFNc
    driver_timer.o(i.TIM3_IRQHandler) refers to driver_timer.o(.data) for PFNc
    driver_timer.o(i.TIM4_IRQHandler) refers to driver_timer.o(.data) for PFNc
    driver_adc.o(i.ADC1_2_IRQHandler) refers to driver_adc.o(.data) for fn
    driver_adc.o(i.MyADC_Init) refers to driver_adc.o(.data) for fn
    driver_uart.o(i.MyUART_Init) refers to driver_gpio.o(i.MyGPIO_Init) for MyGPIO_Init
    principal.o(i.main) refers to driver_uart.o(i.MyUART_Init) for MyUART_Init
    principal.o(i.main) refers to driver_gpio.o(i.MyGPIO_Init) for MyGPIO_Init
    principal.o(i.main) refers to driver_uart.o(i.MyUART_GetData) for MyUART_GetData
    principal.o(i.main) refers to principal.o(.data) for toto
    principal.o(i.toggleLED) refers to driver_adc.o(i.MyADCStartConv) for MyADCStartConv
    principal.o(i.toggleLED) refers to principal.o(.data) for toto
    startup_stm32f10x_md.o(RESET) refers to startup_stm32f10x_md.o(STACK) for __initial_sp
    startup_stm32f10x_md.o(RESET) refers to startup_stm32f10x_md.o(.text) for Reset_Handler
    startup_stm32f10x_md.o(RESET) refers to driver_adc.o(i.ADC1_2_IRQHandler) for ADC1_2_IRQHandler
    startup_stm32f10x_md.o(RESET) refers to driver_timer.o(i.TIM1_UP_IRQHandler) for TIM1_UP_IRQHandler
    startup_stm32f10x_md.o(RESET) refers to driver_timer.o(i.TIM2_IRQHandler) for TIM2_IRQHandler
    startup_stm32f10x_md.o(RESET) refers to driver_timer.o(i.TIM3_IRQHandler) for TIM3_IRQHandler
    startup_stm32f10x_md.o(RESET) refers to driver_timer.o(i.TIM4_IRQHandler) for TIM4_IRQHandler
    startup_stm32f10x_md.o(.text) refers to system_stm32f10x.o(i.SystemInit) for SystemInit
    startup_stm32f10x_md.o(.text) refers to entry.o(.ARM.Collect$$$$00000000) for __main
    system_stm32f10x.o(i.SetSysClock) refers to system_stm32f10x.o(i.SetSysClockTo72) for SetSysClockTo72
    system_stm32f10x.o(i.SystemCoreClockUpdate) refers to system_stm32f10x.o(.data) for SystemCoreClock
    system_stm32f10x.o(i.SystemInit) refers to system_stm32f10x.o(i.SetSysClock) for SetSysClock
    entry.o(.ARM.Collect$$$$00000000) refers (Special) to entry10a.o(.ARM.Collect$$$$0000000F) for __rt_final_cpp
    entry.o(.ARM.Collect$$$$00000000) refers (Special) to entry11a.o(.ARM.Collect$$$$00000011) for __rt_final_exit
    entry.o(.ARM.Collect$$$$00000000) refers (Special) to entry12b.o(.ARM.Collect$$$$0000000E) for __rt_lib_shutdown_fini
    entry.o(.ARM.Collect$$$$00000000) refers (Special) to entry7b.o(.ARM.Collect$$$$00000008) for _main_clock
    entry.o(.ARM.Collect$$$$00000000) refers (Special) to entry8b.o(.ARM.Collect$$$$0000000A) for _main_cpp_init
    entry.o(.ARM.Collect$$$$00000000) refers (Special) to entry9a.o(.ARM.Collect$$$$0000000B) for _main_init
    entry.o(.ARM.Collect$$$$00000000) refers (Special) to entry5.o(.ARM.Collect$$$$00000004) for _main_scatterload
    entry.o(.ARM.Collect$$$$00000000) refers (Special) to entry2.o(.ARM.Collect$$$$00000001) for _main_stk
    dmul.o(.text) refers (Special) to iusefp.o(.text) for __I$use$fp
    dmul.o(.text) refers to depilogue.o(.text) for _double_epilogue
    ddiv.o(.text) refers (Special) to iusefp.o(.text) for __I$use$fp
    ddiv.o(.text) refers to depilogue.o(.text) for _double_round
    dfltui.o(.text) refers (Special) to iusefp.o(.text) for __I$use$fp
    dfltui.o(.text) refers to depilogue.o(.text) for _double_epilogue
    dfixi.o(.text) refers (Special) to iusefp.o(.text) for __I$use$fp
    dfixi.o(.text) refers to llushr.o(.text) for __aeabi_llsr
    f2d.o(.text) refers (Special) to iusefp.o(.text) for __I$use$fp
    entry2.o(.ARM.Collect$$$$00000001) refers to entry2.o(.ARM.Collect$$$$00002712) for __lit__00000000
    entry2.o(.ARM.Collect$$$$00002712) refers to startup_stm32f10x_md.o(STACK) for __initial_sp
    entry2.o(__vectab_stack_and_reset_area) refers to startup_stm32f10x_md.o(STACK) for __initial_sp
    entry2.o(__vectab_stack_and_reset_area) refers to entry.o(.ARM.Collect$$$$00000000) for __main
    entry5.o(.ARM.Collect$$$$00000004) refers to init.o(.text) for __scatterload
    entry9a.o(.ARM.Collect$$$$0000000B) refers to principal.o(i.main) for main
    entry9b.o(.ARM.Collect$$$$0000000C) refers to principal.o(i.main) for main
    depilogue.o(.text) refers to llshl.o(.text) for __aeabi_llsl
    depilogue.o(.text) refers to llushr.o(.text) for __aeabi_llsr
    init.o(.text) refers to entry5.o(.ARM.Collect$$$$00000004) for __main_after_scatterload


==============================================================================

Removing Unused input sections from the image.

    Removing driver_gpio.o(.rev16_text), (4 bytes).
    Removing driver_gpio.o(.revsh_text), (4 bytes).
    Removing driver_gpio.o(.rrx_text), (6 bytes).
    Removing driver_gpio.o(i.MyGPIO_Read), (14 bytes).
    Removing driver_gpio.o(i.MyGPIO_Reset), (12 bytes).
    Removing driver_gpio.o(i.MyGPIO_Set), (12 bytes).
    Removing driver_gpio.o(i.MyGPIO_Toggle), (36 bytes).
    Removing driver_timer.o(.rev16_text), (4 bytes).
    Removing driver_timer.o(.revsh_text), (4 bytes).
    Removing driver_timer.o(.rrx_text), (6 bytes).
    Removing driver_timer.o(i.MyTimer_ActiveIT), (196 bytes).
    Removing driver_timer.o(i.MyTimer_Base_Init), (100 bytes).
    Removing driver_timer.o(i.MyTimer_PWM), (604 bytes).
    Removing driver_timer.o(i.MyTimer_SetDutyCicle), (140 bytes).
    Removing driver_adc.o(.rev16_text), (4 bytes).
    Removing driver_adc.o(.revsh_text), (4 bytes).
    Removing driver_adc.o(.rrx_text), (6 bytes).
    Removing driver_adc.o(i.MyADCStartConv), (20 bytes).
    Removing driver_adc.o(i.MyADC_Init), (112 bytes).
    Removing driver_uart.o(.rev16_text), (4 bytes).
    Removing driver_uart.o(.revsh_text), (4 bytes).
    Removing driver_uart.o(.rrx_text), (6 bytes).
    Removing driver_uart.o(i.MyUART_SendData), (28 bytes).
    Removing principal.o(.rev16_text), (4 bytes).
    Removing principal.o(.revsh_text), (4 bytes).
    Removing principal.o(.rrx_text), (6 bytes).
    Removing principal.o(i.getValueOfADC), (28 bytes).
    Removing principal.o(i.toggleLED), (60 bytes).
    Removing startup_stm32f10x_md.o(HEAP), (512 bytes).
    Removing system_stm32f10x.o(.rev16_text), (4 bytes).
    Removing system_stm32f10x.o(.revsh_text), (4 bytes).
    Removing system_stm32f10x.o(.rrx_text), (6 bytes).
    Removing system_stm32f10x.o(i.SystemCoreClockUpdate), (164 bytes).
    Removing system_stm32f10x.o(.data), (20 bytes).
    Removing dmul.o(.text), (228 bytes).
    Removing ddiv.o(.text), (222 bytes).
    Removing dfltui.o(.text), (26 bytes).
    Removing dfixi.o(.text), (62 bytes).
    Removing f2d.o(.text), (38 bytes).
    Removing depilogue.o(.text), (186 bytes).

40 unused section(s) (total 2904 bytes) removed from the image.

==============================================================================

Image Symbol Table

    Local Symbols

    Symbol Name                              Value     Ov Type        Size  Object(Section)

    ../clib/microlib/init/entry.s            0x00000000   Number         0  entry9b.o ABSOLUTE
    ../clib/microlib/init/entry.s            0x00000000   Number         0  entry7a.o ABSOLUTE
    ../clib/microlib/init/entry.s            0x00000000   Number         0  entry7b.o ABSOLUTE
    ../clib/microlib/init/entry.s            0x00000000   Number         0  entry8a.o ABSOLUTE
    ../clib/microlib/init/entry.s            0x00000000   Number         0  entry12b.o ABSOLUTE
    ../clib/microlib/init/entry.s            0x00000000   Number         0  entry8b.o ABSOLUTE
    ../clib/microlib/init/entry.s            0x00000000   Number         0  entry12a.o ABSOLUTE
    ../clib/microlib/init/entry.s            0x00000000   Number         0  entry11b.o ABSOLUTE
    ../clib/microlib/init/entry.s            0x00000000   Number         0  entry11a.o ABSOLUTE
    ../clib/microlib/init/entry.s            0x00000000   Number         0  entry9a.o ABSOLUTE
    ../clib/microlib/init/entry.s            0x00000000   Number         0  entry10b.o ABSOLUTE
    ../clib/microlib/init/entry.s            0x00000000   Number         0  entry10a.o ABSOLUTE
    ../clib/microlib/init/entry.s            0x00000000   Number         0  entry5.o ABSOLUTE
    ../clib/microlib/init/entry.s            0x00000000   Number         0  entry2.o ABSOLUTE
    ../clib/microlib/init/entry.s            0x00000000   Number         0  entry.o ABSOLUTE
    ../clib/microlib/longlong.c              0x00000000   Number         0  llshl.o ABSOLUTE
    ../clib/microlib/longlong.c              0x00000000   Number         0  llushr.o ABSOLUTE
    ../clib/microlib/stubs.s                 0x00000000   Number         0  iusefp.o ABSOLUTE
    ../fplib/microlib/f2d.c                  0x00000000   Number         0  f2d.o ABSOLUTE
    ../fplib/microlib/fpdiv.c                0x00000000   Number         0  ddiv.o ABSOLUTE
    ../fplib/microlib/fpepilogue.c           0x00000000   Number         0  depilogue.o ABSOLUTE
    ../fplib/microlib/fpfix.c                0x00000000   Number         0  dfixi.o ABSOLUTE
    ../fplib/microlib/fpflt.c                0x00000000   Number         0  dfltui.o ABSOLUTE
    ../fplib/microlib/fpmul.c                0x00000000   Number         0  dmul.o ABSOLUTE
    RTE\Device\STM32F103RB\startup_stm32f10x_md.s 0x00000000   Number         0  startup_stm32f10x_md.o ABSOLUTE
    RTE\Device\STM32F103RB\system_stm32f10x.c 0x00000000   Number         0  system_stm32f10x.o ABSOLUTE
    RTE\\Device\\STM32F103RB\\system_stm32f10x.c 0x00000000   Number         0  system_stm32f10x.o ABSOLUTE
    Source\\principal.c                      0x00000000   Number         0  principal.o ABSOLUTE
    Source\principal.c                       0x00000000   Number         0  principal.o ABSOLUTE
    dc.s                                     0x00000000   Number         0  dc.o ABSOLUTE
    handlers.s                               0x00000000   Number         0  handlers.o ABSOLUTE
    include\Driver_ADC.c                     0x00000000   Number         0  driver_adc.o ABSOLUTE
    include\Driver_GPIO.c                    0x00000000   Number         0  driver_gpio.o ABSOLUTE
    include\Driver_Timer.c                   0x00000000   Number         0  driver_timer.o ABSOLUTE
    include\Driver_UART.c                    0x00000000   Number         0  driver_uart.o ABSOLUTE
    include\\Driver_ADC.c                    0x00000000   Number         0  driver_adc.o ABSOLUTE
    include\\Driver_GPIO.c                   0x00000000   Number         0  driver_gpio.o ABSOLUTE
    include\\Driver_Timer.c                  0x00000000   Number         0  driver_timer.o ABSOLUTE
    include\\Driver_UART.c                   0x00000000   Number         0  driver_uart.o ABSOLUTE
    init.s                                   0x00000000   Number         0  init.o ABSOLUTE
    RESET                                    0x08000000   Section      236  startup_stm32f10x_md.o(RESET)
    .ARM.Collect$$$$00000000                 0x080000ec   Section        0  entry.o(.ARM.Collect$$$$00000000)
    .ARM.Collect$$$$00000001                 0x080000ec   Section        4  entry2.o(.ARM.Collect$$$$00000001)
    .ARM.Collect$$$$00000004                 0x080000f0   Section        4  entry5.o(.ARM.Collect$$$$00000004)
    .ARM.Collect$$$$00000008                 0x080000f4   Section        0  entry7b.o(.ARM.Collect$$$$00000008)
    .ARM.Collect$$$$0000000A                 0x080000f4   Section        0  entry8b.o(.ARM.Collect$$$$0000000A)
    .ARM.Collect$$$$0000000B                 0x080000f4   Section        8  entry9a.o(.ARM.Collect$$$$0000000B)
    .ARM.Collect$$$$0000000E                 0x080000fc   Section        4  entry12b.o(.ARM.Collect$$$$0000000E)
    .ARM.Collect$$$$0000000F                 0x08000100   Section        0  entry10a.o(.ARM.Collect$$$$0000000F)
    .ARM.Collect$$$$00000011                 0x08000100   Section        0  entry11a.o(.ARM.Collect$$$$00000011)
    .ARM.Collect$$$$00002712                 0x08000100   Section        4  entry2.o(.ARM.Collect$$$$00002712)
    __lit__00000000                          0x08000100   Data           4  entry2.o(.ARM.Collect$$$$00002712)
    .text                                    0x08000104   Section       36  startup_stm32f10x_md.o(.text)
    .text                                    0x08000128   Section       36  init.o(.text)
    i.ADC1_2_IRQHandler                      0x0800014c   Section        0  driver_adc.o(i.ADC1_2_IRQHandler)
    i.MyGPIO_Init                            0x08000160   Section        0  driver_gpio.o(i.MyGPIO_Init)
    i.MyUART_GetData                         0x080001c0   Section        0  driver_uart.o(i.MyUART_GetData)
    i.MyUART_Init                            0x080001dc   Section        0  driver_uart.o(i.MyUART_Init)
    i.SetSysClock                            0x08000240   Section        0  system_stm32f10x.o(i.SetSysClock)
    SetSysClock                              0x08000241   Thumb Code     8  system_stm32f10x.o(i.SetSysClock)
    i.SetSysClockTo72                        0x08000248   Section        0  system_stm32f10x.o(i.SetSysClockTo72)
    SetSysClockTo72                          0x08000249   Thumb Code   214  system_stm32f10x.o(i.SetSysClockTo72)
    i.SystemInit                             0x08000328   Section        0  system_stm32f10x.o(i.SystemInit)
    i.TIM1_UP_IRQHandler                     0x08000388   Section        0  driver_timer.o(i.TIM1_UP_IRQHandler)
    i.TIM2_IRQHandler                        0x0800039c   Section        0  driver_timer.o(i.TIM2_IRQHandler)
    i.TIM3_IRQHandler                        0x080003b0   Section        0  driver_timer.o(i.TIM3_IRQHandler)
    i.TIM4_IRQHandler                        0x080003c4   Section        0  driver_timer.o(i.TIM4_IRQHandler)
    i.__scatterload_copy                     0x080003d8   Section       14  handlers.o(i.__scatterload_copy)
    i.__scatterload_null                     0x080003e6   Section        2  handlers.o(i.__scatterload_null)
    i.__scatterload_zeroinit                 0x080003e8   Section       14  handlers.o(i.__scatterload_zeroinit)
    i.main                                   0x080003f8   Section        0  principal.o(i.main)
    .data                                    0x20000000   Section        4  driver_timer.o(.data)
    .data                                    0x20000004   Section        4  driver_adc.o(.data)
    .data                                    0x20000008   Section        4  principal.o(.data)
    STACK                                    0x20000010   Section     1024  startup_stm32f10x_md.o(STACK)

    Global Symbols

    Symbol Name                              Value     Ov Type        Size  Object(Section)

    BuildAttributes$$THM_ISAv4$P$D$K$B$S$PE$A:L22UL41UL21$X:L11$S22US41US21$IEEE1$IW$USESV6$~STKCKD$USESV7$~SHL$OSPACE$ROPI$EBA8$MICROLIB$REQ8$PRES8$EABIv2 0x00000000   Number         0  anon$$obj.o ABSOLUTE
    __ARM_use_no_argv                        0x00000000   Number         0  principal.o ABSOLUTE
    __arm_fini_                               - Undefined Weak Reference
    __cpp_initialize__aeabi_                  - Undefined Weak Reference
    __cxa_finalize                            - Undefined Weak Reference
    __decompress                              - Undefined Weak Reference
    _clock_init                               - Undefined Weak Reference
    _microlib_exit                            - Undefined Weak Reference
    __Vectors_Size                           0x000000ec   Number         0  startup_stm32f10x_md.o ABSOLUTE
    __Vectors                                0x08000000   Data           4  startup_stm32f10x_md.o(RESET)
    __Vectors_End                            0x080000ec   Data           0  startup_stm32f10x_md.o(RESET)
    __main                                   0x080000ed   Thumb Code     0  entry.o(.ARM.Collect$$$$00000000)
    _main_stk                                0x080000ed   Thumb Code     0  entry2.o(.ARM.Collect$$$$00000001)
    _main_scatterload                        0x080000f1   Thumb Code     0  entry5.o(.ARM.Collect$$$$00000004)
    __main_after_scatterload                 0x080000f5   Thumb Code     0  entry5.o(.ARM.Collect$$$$00000004)
    _main_clock                              0x080000f5   Thumb Code     0  entry7b.o(.ARM.Collect$$$$00000008)
    _main_cpp_init                           0x080000f5   Thumb Code     0  entry8b.o(.ARM.Collect$$$$0000000A)
    _main_init                               0x080000f5   Thumb Code     0  entry9a.o(.ARM.Collect$$$$0000000B)
    __rt_lib_shutdown_fini                   0x080000fd   Thumb Code     0  entry12b.o(.ARM.Collect$$$$0000000E)
    __rt_final_cpp                           0x08000101   Thumb Code     0  entry10a.o(.ARM.Collect$$$$0000000F)
    __rt_final_exit                          0x08000101   Thumb Code     0  entry11a.o(.ARM.Collect$$$$00000011)
    Reset_Handler                            0x08000105   Thumb Code     8  startup_stm32f10x_md.o(.text)
    NMI_Handler                              0x0800010d   Thumb Code     2  startup_stm32f10x_md.o(.text)
    HardFault_Handler                        0x0800010f   Thumb Code     2  startup_stm32f10x_md.o(.text)
    MemManage_Handler                        0x08000111   Thumb Code     2  startup_stm32f10x_md.o(.text)
    BusFault_Handler                         0x08000113   Thumb Code     2  startup_stm32f10x_md.o(.text)
    UsageFault_Handler                       0x08000115   Thumb Code     2  startup_stm32f10x_md.o(.text)
    SVC_Handler                              0x08000117   Thumb Code     2  startup_stm32f10x_md.o(.text)
    DebugMon_Handler                         0x08000119   Thumb Code     2  startup_stm32f10x_md.o(.text)
    PendSV_Handler                           0x0800011b   Thumb Code     2  startup_stm32f10x_md.o(.text)
    SysTick_Handler                          0x0800011d   Thumb Code     2  startup_stm32f10x_md.o(.text)
    CAN1_RX1_IRQHandler                      0x0800011f   Thumb Code     0  startup_stm32f10x_md.o(.text)
    CAN1_SCE_IRQHandler                      0x0800011f   Thumb Code     0  startup_stm32f10x_md.o(.text)
    DMA1_Channel1_IRQHandler                 0x0800011f   Thumb Code     0  startup_stm32f10x_md.o(.text)
    DMA1_Channel2_IRQHandler                 0x0800011f   Thumb Code     0  startup_stm32f10x_md.o(.text)
    DMA1_Channel3_IRQHandler                 0x0800011f   Thumb Code     0  startup_stm32f10x_md.o(.text)
    DMA1_Channel4_IRQHandler                 0x0800011f   Thumb Code     0  startup_stm32f10x_md.o(.text)
    DMA1_Channel5_IRQHandler                 0x0800011f   Thumb Code     0  startup_stm32f10x_md.o(.text)
    DMA1_Channel6_IRQHandler                 0x0800011f   Thumb Code     0  startup_stm32f10x_md.o(.text)
    DMA1_Channel7_IRQHandler                 0x0800011f   Thumb Code     0  startup_stm32f10x_md.o(.text)
    EXTI0_IRQHandler                         0x0800011f   Thumb Code     0  startup_stm32f10x_md.o(.text)
    EXTI15_10_IRQHandler                     0x0800011f   Thumb Code     0  startup_stm32f10x_md.o(.text)
    EXTI1_IRQHandler                         0x0800011f   Thumb Code     0  startup_stm32f10x_md.o(.text)
    EXTI2_IRQHandler                         0x0800011f   Thumb Code     0  startup_stm32f10x_md.o(.text)
    EXTI3_IRQHandler                         0x0800011f   Thumb Code     0  startup_stm32f10x_md.o(.text)
    EXTI4_IRQHandler                         0x0800011f   Thumb Code     0  startup_stm32f10x_md.o(.text)
    EXTI9_5_IRQHandler                       0x0800011f   Thumb Code     0  startup_stm32f10x_md.o(.text)
    FLASH_IRQHandler                         0x0800011f   Thumb Code     0  startup_stm32f10x_md.o(.text)
    I2C1_ER_IRQHandler                       0x0800011f   Thumb Code     0  startup_stm32f10x_md.o(.text)
    I2C1_EV_IRQHandler                       0x0800011f   Thumb Code     0  startup_stm32f10x_md.o(.text)
    I2C2_ER_IRQHandler                       0x0800011f   Thumb Code     0  startup_stm32f10x_md.o(.text)
    I2C2_EV_IRQHandler                       0x0800011f   Thumb Code     0  startup_stm32f10x_md.o(.text)
    PVD_IRQHandler                           0x0800011f   Thumb Code     0  startup_stm32f10x_md.o(.text)
    RCC_IRQHandler                           0x0800011f   Thumb Code     0  startup_stm32f10x_md.o(.text)
    RTCAlarm_IRQHandler                      0x0800011f   Thumb Code     0  startup_stm32f10x_md.o(.text)
    RTC_IRQHandler                           0x0800011f   Thumb Code     0  startup_stm32f10x_md.o(.text)
    SPI1_IRQHandler                          0x0800011f   Thumb Code     0  startup_stm32f10x_md.o(.text)
    SPI2_IRQHandler                          0x0800011f   Thumb Code     0  startup_stm32f10x_md.o(.text)
    TAMPER_IRQHandler                        0x0800011f   Thumb Code     0  startup_stm32f10x_md.o(.text)
    TIM1_BRK_IRQHandler                      0x0800011f   Thumb Code     0  startup_stm32f10x_md.o(.text)
    TIM1_CC_IRQHandler                       0x0800011f   Thumb Code     0  startup_stm32f10x_md.o(.text)
    TIM1_TRG_COM_IRQHandler                  0x0800011f   Thumb Code     0  startup_stm32f10x_md.o(.text)
    USART1_IRQHandler                        0x0800011f   Thumb Code     0  startup_stm32f10x_md.o(.text)
    USART2_IRQHandler                        0x0800011f   Thumb Code     0  startup_stm32f10x_md.o(.text)
    USART3_IRQHandler                        0x0800011f   Thumb Code     0  startup_stm32f10x_md.o(.text)
    USBWakeUp_IRQHandler                     0x0800011f   Thumb Code     0  startup_stm32f10x_md.o(.text)
    USB_HP_CAN1_TX_IRQHandler                0x0800011f   Thumb Code     0  startup_stm32f10x_md.o(.text)
    USB_LP_CAN1_RX0_IRQHandler               0x0800011f   Thumb Code     0  startup_stm32f10x_md.o(.text)
    WWDG_IRQHandler                          0x0800011f   Thumb Code     0  startup_stm32f10x_md.o(.text)
    __scatterload                            0x08000129   Thumb Code    28  init.o(.text)
    __scatterload_rt2                        0x08000129   Thumb Code     0  init.o(.text)
    ADC1_2_IRQHandler                        0x0800014d   Thumb Code    16  driver_adc.o(i.ADC1_2_IRQHandler)
    MyGPIO_Init                              0x08000161   Thumb Code    92  driver_gpio.o(i.MyGPIO_Init)
    MyUART_GetData                           0x080001c1   Thumb Code    22  driver_uart.o(i.MyUART_GetData)
    MyUART_Init                              0x080001dd   Thumb Code    84  driver_uart.o(i.MyUART_Init)
    SystemInit                               0x08000329   Thumb Code    78  system_stm32f10x.o(i.SystemInit)
    TIM1_UP_IRQHandler                       0x08000389   Thumb Code    16  driver_timer.o(i.TIM1_UP_IRQHandler)
    TIM2_IRQHandler                          0x0800039d   Thumb Code    16  driver_timer.o(i.TIM2_IRQHandler)
    TIM3_IRQHandler                          0x080003b1   Thumb Code    16  driver_timer.o(i.TIM3_IRQHandler)
    TIM4_IRQHandler                          0x080003c5   Thumb Code    16  driver_timer.o(i.TIM4_IRQHandler)
    __scatterload_copy                       0x080003d9   Thumb Code    14  handlers.o(i.__scatterload_copy)
    __scatterload_null                       0x080003e7   Thumb Code     2  handlers.o(i.__scatterload_null)
    __scatterload_zeroinit                   0x080003e9   Thumb Code    14  handlers.o(i.__scatterload_zeroinit)
    main                                     0x080003f9   Thumb Code    28  principal.o(i.main)
    Region$$Table$$Base                      0x0800041c   Number         0  anon$$obj.o(Region$$Table)
    Region$$Table$$Limit                     0x0800043c   Number         0  anon$$obj.o(Region$$Table)
    PFNc                                     0x20000000   Data           4  driver_timer.o(.data)
    fn                                       0x20000004   Data           4  driver_adc.o(.data)
    toto                                     0x20000008   Data           4  principal.o(.data)
    __initial_sp                             0x20000410   Data           0  startup_stm32f10x_md.o(STACK)



==============================================================================

Memory Map of the image

  Image Entry point : 0x08000105

  Load Region LR_1 (Base: 0x08000000, Size: 0x00000448, Max: 0xffffffff, ABSOLUTE)

    Execution Region ER_RO (Exec base: 0x08000000, Load base: 0x08000000, Size: 0x0000043c, Max: 0xffffffff, ABSOLUTE)

    Exec Addr    Load Addr    Size         Type   Attr      Idx    E Section Name        Object

    0x08000000   0x08000000   0x000000ec   Data   RO          287    RESET               startup_stm32f10x_md.o
    0x080000ec   0x080000ec   0x00000000   Code   RO          338  * .ARM.Collect$$$$00000000  mc_w.l(entry.o)
    0x080000ec   0x080000ec   0x00000004   Code   RO          351    .ARM.Collect$$$$00000001  mc_w.l(entry2.o)
    0x080000f0   0x080000f0   0x00000004   Code   RO          354    .ARM.Collect$$$$00000004  mc_w.l(entry5.o)
    0x080000f4   0x080000f4   0x00000000   Code   RO          356    .ARM.Collect$$$$00000008  mc_w.l(entry7b.o)
    0x080000f4   0x080000f4   0x00000000   Code   RO          358    .ARM.Collect$$$$0000000A  mc_w.l(entry8b.o)
    0x080000f4   0x080000f4   0x00000008   Code   RO          359    .ARM.Collect$$$$0000000B  mc_w.l(entry9a.o)
    0x080000fc   0x080000fc   0x00000004   Code   RO          366    .ARM.Collect$$$$0000000E  mc_w.l(entry12b.o)
    0x08000100   0x08000100   0x00000000   Code   RO          361    .ARM.Collect$$$$0000000F  mc_w.l(entry10a.o)
    0x08000100   0x08000100   0x00000000   Code   RO          363    .ARM.Collect$$$$00000011  mc_w.l(entry11a.o)
    0x08000100   0x08000100   0x00000004   Code   RO          352    .ARM.Collect$$$$00002712  mc_w.l(entry2.o)
    0x08000104   0x08000104   0x00000024   Code   RO          288  * .text               startup_stm32f10x_md.o
    0x08000128   0x08000128   0x00000024   Code   RO          372    .text               mc_w.l(init.o)
    0x0800014c   0x0800014c   0x00000014   Code   RO          156    i.ADC1_2_IRQHandler  driver_adc.o
    0x08000160   0x08000160   0x00000060   Code   RO            4    i.MyGPIO_Init       driver_gpio.o
    0x080001c0   0x080001c0   0x0000001c   Code   RO          198    i.MyUART_GetData    driver_uart.o
    0x080001dc   0x080001dc   0x00000064   Code   RO          199    i.MyUART_Init       driver_uart.o
    0x08000240   0x08000240   0x00000008   Code   RO          295    i.SetSysClock       system_stm32f10x.o
    0x08000248   0x08000248   0x000000e0   Code   RO          296    i.SetSysClockTo72   system_stm32f10x.o
    0x08000328   0x08000328   0x00000060   Code   RO          298    i.SystemInit        system_stm32f10x.o
    0x08000388   0x08000388   0x00000014   Code   RO           88    i.TIM1_UP_IRQHandler  driver_timer.o
    0x0800039c   0x0800039c   0x00000014   Code   RO           89    i.TIM2_IRQHandler   driver_timer.o
    0x080003b0   0x080003b0   0x00000014   Code   RO           90    i.TIM3_IRQHandler   driver_timer.o
    0x080003c4   0x080003c4   0x00000014   Code   RO           91    i.TIM4_IRQHandler   driver_timer.o
    0x080003d8   0x080003d8   0x0000000e   Code   RO          378    i.__scatterload_copy  mc_w.l(handlers.o)
    0x080003e6   0x080003e6   0x00000002   Code   RO          379    i.__scatterload_null  mc_w.l(handlers.o)
    0x080003e8   0x080003e8   0x0000000e   Code   RO          380    i.__scatterload_zeroinit  mc_w.l(handlers.o)
    0x080003f6   0x080003f6   0x00000002   PAD
    0x080003f8   0x080003f8   0x00000024   Code   RO          238    i.main              principal.o
    0x0800041c   0x0800041c   0x00000020   Data   RO          376    Region$$Table       anon$$obj.o


    Execution Region ER_RW (Exec base: 0x20000000, Load base: 0x0800043c, Size: 0x0000000c, Max: 0xffffffff, ABSOLUTE)

    Exec Addr    Load Addr    Size         Type   Attr      Idx    E Section Name        Object

    0x20000000   0x0800043c   0x00000004   Data   RW           92    .data               driver_timer.o
    0x20000004   0x08000440   0x00000004   Data   RW          159    .data               driver_adc.o
    0x20000008   0x08000444   0x00000004   Data   RW          240    .data               principal.o


    Execution Region ER_ZI (Exec base: 0x2000000c, Load base: 0x08000448, Size: 0x00000404, Max: 0xffffffff, ABSOLUTE)

    Exec Addr    Load Addr    Size         Type   Attr      Idx    E Section Name        Object

    0x2000000c   0x08000448   0x00000004   PAD
    0x20000010        -       0x00000400   Zero   RW          285    STACK               startup_stm32f10x_md.o


==============================================================================

Image component sizes


      Code (inc. data)   RO Data    RW Data    ZI Data      Debug   Object Name

        20          4          0          4          0       1017   driver_adc.o
        96          4          0          0          0     207326   driver_gpio.o
        80         16          0          4          0       2450   driver_timer.o
       128         22          0          0          0        919   driver_uart.o
        36          8          0          4          0        642   principal.o
        36          8        236          0       1024        812   startup_stm32f10x_md.o
       328         28          0          0          0       1989   system_stm32f10x.o

    ----------------------------------------------------------------------
       724         90        268         12       1028     215155   Object Totals
         0          0         32          0          0          0   (incl. Generated)
         0          0          0          0          4          0   (incl. Padding)

    ----------------------------------------------------------------------

      Code (inc. data)   RO Data    RW Data    ZI Data      Debug   Library Member Name

         0          0          0          0          0          0   entry.o
         0          0          0          0          0          0   entry10a.o
         0          0          0          0          0          0   entry11a.o
         4          0          0          0          0          0   entry12b.o
         8          4          0          0          0          0   entry2.o
         4          0          0          0          0          0   entry5.o
         0          0          0          0          0          0   entry7b.o
         0          0          0          0          0          0   entry8b.o
         8          4          0          0          0          0   entry9a.o
        30          0          0          0          0          0   handlers.o
        36          8          0          0          0         68   init.o

    ----------------------------------------------------------------------
        92         16          0          0          0         68   Library Totals
         2          0          0          0          0          0   (incl. Padding)

    ----------------------------------------------------------------------

      Code (inc. data)   RO Data    RW Data    ZI Data      Debug   Library Name

        90         16          0          0          0         68   mc_w.l

    ----------------------------------------------------------------------
        92         16          0          0          0         68   Library Totals

    ----------------------------------------------------------------------

==============================================================================


      Code (inc. data)   RO Data    RW Data    ZI Data      Debug   

       816        106        268         12       1028     214855   Grand Totals
       816        106        268         12       1028     214855   ELF Image Totals
       816        106        268         12          0          0   ROM Totals

==============================================================================

    Total RO  Size (Code + RO Data)                 1084 (   1.06kB)
    Total RW  Size (RW Data + ZI Data)              1040 (   1.02kB)
    Total ROM Size (Code + RO Data + RW Data)       1096 (   1.07kB)

==============================================================================

